I'm sorry, but errors were detected in your script. Please correct the
errors listed below, and try again.


File "game/script.rpy", line 116: Line is indented, but the preceding say statement statement does not expect a block. Please check this line's indentation.
    scene bg radiology
    ^

Ren'Py Version: Ren'Py 7.5.3.22090809
Thu Nov 10 17:27:54 2022
